{"time":"2026-09-10T14:26:48.35321+05:30","level":"INFO","msg":"initializing postgres","timeout":"60s"}
{"time":"2026-09-10T14:26:48.732527+05:30","level":"INFO","msg":"running database migration","migration":"legacy user IDs"}
{"time":"2026-09-10T14:26:48.784165+05:30","level":"INFO","msg":"running database migration","migration":"base schema"}
{"time":"2026-09-10T14:26:48.867456+05:30","level":"INFO","msg":"running database migration","migration":"user ID defaults"}
{"time":"2026-09-10T14:26:48.909712+05:30","level":"INFO","msg":"running database migration","migration":"wallet balances"}
{"time":"2026-09-10T14:26:48.993568+05:30","level":"INFO","msg":"running database migration","migration":"P2P tables"}
{"time":"2026-09-10T14:26:49.079359+05:30","level":"INFO","msg":"running database migration","migration":"USDT to BIUSD"}
{"time":"2026-09-10T14:26:49.122162+05:30","level":"INFO","msg":"postgres initialization complete"}
{"time":"2026-09-10T14:26:49.125676+05:30","level":"INFO","msg":"dex-backend listening","port":"8081"}
{"time":"2026-09-10T14:27:20.213681+05:30","level":"ERROR","msg":"matching engine gateway failed","error":"engine trade request: Post \"http://localhost:8080/order?account=test-user-041&market=SPOT&price=&qty=0.001&side=BUY&symbol=BTC-BIUSD&type=MARKET\": context canceled"}
{"time":"2026-09-10T14:27:21.293295+05:30","level":"ERROR","msg":"matching engine gateway failed","error":"engine trade request: Post \"http://localhost:8080/order?account=test-user-047&market=SPOT&price=&qty=0.001&side=BUY&symbol=BTC-BIUSD&type=MARKET\": context canceled"}
{"time":"2026-09-10T14:27:21.659581+05:30","level":"ERROR","msg":"matching engine gateway failed","error":"engine trade request: Post \"http://localhost:8080/order?account=test-user-049&market=SPOT&price=&qty=0.001&side=BUY&symbol=BTC-BIUSD&type=MARKET\": context canceled"}
{"time":"2026-09-10T14:27:22.065465+05:30","level":"ERROR","msg":"matching engine gateway failed","error":"engine trade request: Post \"http://localhost:8080/order?account=test-user-051&market=SPOT&price=&qty=0.001&side=BUY&symbol=BTC-BIUSD&type=MARKET\": context canceled"}
{"time":"2026-09-10T14:27:27.188443+05:30","level":"ERROR","msg":"matching engine gateway failed","error":"engine trade request: Post \"http://localhost:8080/order?account=test-user-081&market=SPOT&price=&qty=0.001&side=BUY&symbol=BTC-BIUSD&type=MARKET\": context canceled"}
{"time":"2026-09-10T14:27:27.18923+05:30","level":"ERROR","msg":"matching engine gateway failed","error":"engine trade request: Post \"http://localhost:8080/order?account=test-user-085&market=SPOT&price=&qty=0.001&side=BUY&symbol=BTC-BIUSD&type=MARKET\": context canceled"}
{"time":"2026-09-10T14:27:27.189359+05:30","level":"ERROR","msg":"matching engine gateway failed","error":"engine trade request: Post \"http://localhost:8080/order?account=test-user-087&market=SPOT&price=&qty=0.001&side=BUY&symbol=BTC-BIUSD&type=MARKET\": context canceled"}
{"time":"2026-09-10T14:27:27.190655+05:30","level":"ERROR","msg":"matching engine gateway failed","error":"engine trade request: Post \"http://localhost:8080/order?account=test-user-095&market=SPOT&price=&qty=0.001&side=BUY&symbol=BTC-BIUSD&type=MARKET\": context canceled"}
{"time":"2026-09-10T14:27:27.190838+05:30","level":"ERROR","msg":"matching engine gateway failed","error":"engine trade request: Post \"http://localhost:8080/order?account=test-user-091&market=SPOT&price=&qty=0.001&side=BUY&symbol=BTC-BIUSD&type=MARKET\": context canceled"}
{"time":"2026-09-10T14:27:27.191419+05:30","level":"ERROR","msg":"matching engine gateway failed","error":"engine trade request: Post \"http://localhost:8080/order?account=test-user-097&market=SPOT&price=&qty=0.001&side=BUY&symbol=BTC-BIUSD&type=MARKET\": context canceled"}
{"time":"2026-09-10T14:27:27.191516+05:30","level":"ERROR","msg":"matching engine gateway failed","error":"engine trade request: Post \"http://localhost:8080/order?account=test-user-099&market=SPOT&price=&qty=0.001&side=BUY&symbol=BTC-BIUSD&type=MARKET\": context canceled"}
{"time":"2026-09-10T14:27:27.195966+05:30","level":"ERROR","msg":"matching engine gateway failed","error":"engine trade request: Post \"http://localhost:8080/order?account=test-user-093&market=SPOT&price=&qty=0.001&side=BUY&symbol=BTC-BIUSD&type=MARKET\": context canceled"}
{"time":"2026-09-10T14:27:29.323461+05:30","level":"ERROR","msg":"matching engine gateway failed","error":"engine trade request: Post \"http://localhost:8080/order?account=test-user-003&market=SPOT&price=&qty=0.001&side=BUY&symbol=BTC-BIUSD&type=MARKET\": context canceled"}
{"time":"2026-09-10T14:27:30.48007+05:30","level":"ERROR","msg":"matching engine gateway failed","error":"engine trade request: Post \"http://localhost:8080/order?account=test-user-007&market=SPOT&price=&qty=0.001&side=BUY&symbol=BTC-BIUSD&type=MARKET\": context canceled"}
{"time":"2026-09-10T14:27:31.296891+05:30","level":"ERROR","msg":"matching engine gateway failed","error":"engine trade request: Post \"http://localhost:8080/order?account=test-user-009&market=SPOT&price=&qty=0.001&side=BUY&symbol=BTC-BIUSD&type=MARKET\": context canceled"}
{"time":"2026-09-10T14:27:32.758055+05:30","level":"ERROR","msg":"matching engine gateway failed","error":"engine trade request: Post \"http://localhost:8080/order?account=test-user-015&market=SPOT&price=&qty=0.001&side=BUY&symbol=BTC-BIUSD&type=MARKET\": context canceled"}
{"time":"2026-09-10T14:27:35.708628+05:30","level":"ERROR","msg":"matching engine gateway failed","error":"engine trade request: Post \"http://localhost:8080/order?account=test-user-029&market=SPOT&price=&qty=0.001&side=BUY&symbol=BTC-BIUSD&type=MARKET\": context canceled"}
{"time":"2026-09-10T14:27:35.708789+05:30","level":"ERROR","msg":"matching engine gateway failed","error":"engine trade request: Post \"http://localhost:8080/order?account=test-user-033&market=SPOT&price=&qty=0.001&side=BUY&symbol=BTC-BIUSD&type=MARKET\": context canceled"}
{"time":"2026-09-10T14:27:35.708681+05:30","level":"ERROR","msg":"matching engine gateway failed","error":"engine trade request: Post \"http://localhost:8080/order?account=test-user-027&market=SPOT&price=&qty=0.001&side=BUY&symbol=BTC-BIUSD&type=MARKET\": context canceled"}
{"time":"2026-09-10T14:27:35.710745+05:30","level":"ERROR","msg":"matching engine gateway failed","error":"engine trade request: Post \"http://localhost:8080/order?account=test-user-037&market=SPOT&price=&qty=0.001&side=BUY&symbol=BTC-BIUSD&type=MARKET\": context canceled"}
{"time":"2026-09-10T14:27:35.710824+05:30","level":"ERROR","msg":"matching engine gateway failed","error":"engine trade request: Post \"http://localhost:8080/order?account=test-user-039&market=SPOT&price=&qty=0.001&side=BUY&symbol=BTC-BIUSD&type=MARKET\": context canceled"}
{"time":"2026-09-10T14:27:35.71137+05:30","level":"ERROR","msg":"matching engine gateway failed","error":"engine trade request: Post \"http://localhost:8080/order?account=test-user-025&market=SPOT&price=&qty=0.001&side=BUY&symbol=BTC-BIUSD&type=MARKET\": context canceled"}
{"time":"2026-09-10T14:27:35.712689+05:30","level":"ERROR","msg":"matching engine gateway failed","error":"engine trade request: Post \"http://localhost:8080/order?account=test-user-035&market=SPOT&price=&qty=0.001&side=BUY&symbol=BTC-BIUSD&type=MARKET\": context canceled"}
{"time":"2026-09-10T14:27:36.964468+05:30","level":"ERROR","msg":"matching engine gateway failed","error":"engine trade request: Post \"http://localhost:8080/order?account=test-user-041&market=SPOT&price=&qty=0.001&side=BUY&symbol=BTC-BIUSD&type=MARKET\": context canceled"}
{"time":"2026-09-10T14:27:37.202765+05:30","level":"ERROR","msg":"matching engine gateway failed","error":"engine trade request: Post \"http://localhost:8080/order?account=test-user-043&market=SPOT&price=&qty=0.001&side=BUY&symbol=BTC-BIUSD&type=MARKET\": context canceled"}
{"time":"2026-09-10T14:27:37.202944+05:30","level":"ERROR","msg":"matching engine gateway failed","error":"engine trade request: Post \"http://localhost:8080/order?account=test-user-045&market=SPOT&price=&qty=0.001&side=BUY&symbol=BTC-BIUSD&type=MARKET\": context canceled"}
{"time":"2026-09-10T14:27:37.202834+05:30","level":"ERROR","msg":"matching engine gateway failed","error":"engine trade request: Post \"http://localhost:8080/order?account=test-user-047&market=SPOT&price=&qty=0.001&side=BUY&symbol=BTC-BIUSD&type=MARKET\": context canceled"}
{"time":"2026-09-10T14:27:37.204084+05:30","level":"ERROR","msg":"matching engine gateway failed","error":"engine trade request: Post \"http://localhost:8080/order?account=test-user-049&market=SPOT&price=&qty=0.001&side=BUY&symbol=BTC-BIUSD&type=MARKET\": context canceled"}
{"time":"2026-09-10T14:27:37.925534+05:30","level":"ERROR","msg":"matching engine gateway failed","error":"engine trade request: Post \"http://localhost:8080/order?account=test-user-051&market=SPOT&price=&qty=0.001&side=BUY&symbol=BTC-BIUSD&type=MARKET\": context canceled"}
{"time":"2026-09-10T14:27:39.328824+05:30","level":"ERROR","msg":"matching engine gateway failed","error":"engine trade request: Post \"http://localhost:8080/order?account=test-user-053&market=SPOT&price=&qty=0.001&side=BUY&symbol=BTC-BIUSD&type=MARKET\": context canceled"}
{"time":"2026-09-10T14:27:40.300025+05:30","level":"ERROR","msg":"matching engine gateway failed","error":"engine trade request: Post \"http://localhost:8080/order?account=test-user-055&market=SPOT&price=&qty=0.001&side=BUY&symbol=BTC-BIUSD&type=MARKET\": context canceled"}
{"time":"2026-09-10T14:27:41.044951+05:30","level":"ERROR","msg":"matching engine gateway failed","error":"engine trade request: Post \"http://localhost:8080/order?account=test-user-057&market=SPOT&price=&qty=0.001&side=BUY&symbol=BTC-BIUSD&type=MARKET\": context canceled"}
{"time":"2026-09-10T14:27:44.166027+05:30","level":"ERROR","msg":"matching engine gateway failed","error":"engine trade request: Post \"http://localhost:8080/order?account=test-user-073&market=SPOT&price=&qty=0.001&side=BUY&symbol=BTC-BIUSD&type=MARKET\": context canceled"}
{"time":"2026-09-10T14:27:44.166027+05:30","level":"ERROR","msg":"matching engine gateway failed","error":"engine trade request: Post \"http://localhost:8080/order?account=test-user-065&market=SPOT&price=&qty=0.001&side=BUY&symbol=BTC-BIUSD&type=MARKET\": context canceled"}
{"time":"2026-09-10T14:27:44.166187+05:30","level":"ERROR","msg":"matching engine gateway failed","error":"engine trade request: Post \"http://localhost:8080/order?account=test-user-061&market=SPOT&price=&qty=0.001&side=BUY&symbol=BTC-BIUSD&type=MARKET\": context canceled"}
{"time":"2026-09-10T14:27:44.166815+05:30","level":"ERROR","msg":"matching engine gateway failed","error":"engine trade request: Post \"http://localhost:8080/order?account=test-user-075&market=SPOT&price=&qty=0.001&side=BUY&symbol=BTC-BIUSD&type=MARKET\": context canceled"}
{"time":"2026-09-10T14:27:44.167029+05:30","level":"ERROR","msg":"matching engine gateway failed","error":"engine trade request: Post \"http://localhost:8080/order?account=test-user-067&market=SPOT&price=&qty=0.001&side=BUY&symbol=BTC-BIUSD&type=MARKET\": context canceled"}
{"time":"2026-09-10T14:27:45.255295+05:30","level":"ERROR","msg":"matching engine gateway failed","error":"engine trade request: Post \"http://localhost:8080/order?account=test-user-077&market=SPOT&price=&qty=0.001&side=BUY&symbol=BTC-BIUSD&type=MARKET\": context canceled"}
{"time":"2026-09-10T14:27:45.617764+05:30","level":"ERROR","msg":"matching engine gateway failed","error":"engine trade request: Post \"http://localhost:8080/order?account=test-user-079&market=SPOT&price=&qty=0.001&side=BUY&symbol=BTC-BIUSD&type=MARKET\": context canceled"}
{"time":"2026-09-10T14:27:45.618194+05:30","level":"ERROR","msg":"matching engine gateway failed","error":"engine trade request: Post \"http://localhost:8080/order?account=test-user-081&market=SPOT&price=&qty=0.001&side=BUY&symbol=BTC-BIUSD&type=MARKET\": context canceled"}
{"time":"2026-09-10T14:27:45.723255+05:30","level":"ERROR","msg":"matching engine gateway failed","error":"engine trade request: Post \"http://localhost:8080/order?account=test-user-085&market=SPOT&price=&qty=0.001&side=BUY&symbol=BTC-BIUSD&type=MARKET\": context canceled"}
{"time":"2026-09-10T14:27:45.723471+05:30","level":"ERROR","msg":"matching engine gateway failed","error":"engine trade request: Post \"http://localhost:8080/order?account=test-user-083&market=SPOT&price=&qty=0.001&side=BUY&symbol=BTC-BIUSD&type=MARKET\": context canceled"}
{"time":"2026-09-10T14:27:45.723255+05:30","level":"ERROR","msg":"matching engine gateway failed","error":"engine trade request: Post \"http://localhost:8080/order?account=test-user-089&market=SPOT&price=&qty=0.001&side=BUY&symbol=BTC-BIUSD&type=MARKET\": context canceled"}
{"time":"2026-09-10T14:27:45.723535+05:30","level":"ERROR","msg":"matching engine gateway failed","error":"engine trade request: Post \"http://localhost:8080/order?account=test-user-087&market=SPOT&price=&qty=0.001&side=BUY&symbol=BTC-BIUSD&type=MARKET\": context canceled"}
{"time":"2026-09-10T14:27:47.210785+05:30","level":"ERROR","msg":"matching engine gateway failed","error":"engine trade request: Post \"http://localhost:8080/order?account=test-user-091&market=SPOT&price=&qty=0.001&side=BUY&symbol=BTC-BIUSD&type=MARKET\": context canceled"}
{"time":"2026-09-10T14:27:47.210785+05:30","level":"ERROR","msg":"matching engine gateway failed","error":"engine trade request: Post \"http://localhost:8080/order?account=test-user-093&market=SPOT&price=&qty=0.001&side=BUY&symbol=BTC-BIUSD&type=MARKET\": context canceled"}
{"time":"2026-09-10T14:27:47.93084+05:30","level":"ERROR","msg":"matching engine gateway failed","error":"engine trade request: Post \"http://localhost:8080/order?account=test-user-095&market=SPOT&price=&qty=0.001&side=BUY&symbol=BTC-BIUSD&type=MARKET\": context canceled"}
{"time":"2026-09-10T14:27:50.305429+05:30","level":"ERROR","msg":"matching engine gateway failed","error":"engine trade request: Post \"http://localhost:8080/order?account=test-user-097&market=SPOT&price=&qty=0.001&side=BUY&symbol=BTC-BIUSD&type=MARKET\": context canceled"}
{"time":"2026-09-10T15:32:05.940258+05:30","level":"ERROR","msg":"expire pending P2P orders failed","err":"failed to connect to `user=avnadmin database=dexdb`: hostname resolving error: lookup dex-database-dex-database.i.aivencloud.com: no such host"}
{"time":"2026-09-10T16:07:19.248783+05:30","level":"ERROR","msg":"expire pending P2P orders failed","err":"failed to connect to `user=avnadmin database=dexdb`: hostname resolving error: lookup dex-database-dex-database.i.aivencloud.com: no such host"}
{"time":"2026-09-10T16:33:10.467328+05:30","level":"INFO","msg":"shutting down"}
